../Modules/SDCard/fatfs_sd.c:20:13:SELECT	8	static
../Modules/SDCard/fatfs_sd.c:27:13:DESELECT	8	static
../Modules/SDCard/fatfs_sd.c:34:13:SPI_TxByte	16	static
../Modules/SDCard/fatfs_sd.c:41:13:SPI_TxBuffer	16	static
../Modules/SDCard/fatfs_sd.c:48:16:SPI_RxByte	24	static
../Modules/SDCard/fatfs_sd.c:60:13:SPI_RxBytePtr	16	static
../Modules/SDCard/fatfs_sd.c:70:16:SD_ReadyWait	24	static
../Modules/SDCard/fatfs_sd.c:86:13:SD_PowerOn	24	static
../Modules/SDCard/fatfs_sd.c:124:13:SD_PowerOff	8	static
../Modules/SDCard/fatfs_sd.c:130:16:SD_CheckPower	8	static
../Modules/SDCard/fatfs_sd.c:136:13:SD_RxDataBlock	32	static
../Modules/SDCard/fatfs_sd.c:165:13:SD_TxDataBlock	32	static
../Modules/SDCard/fatfs_sd.c:207:13:SD_SendCmd	32	static
../Modules/SDCard/fatfs_sd.c:246:9:SD_disk_initialize	40	static
../Modules/SDCard/fatfs_sd.c:347:9:SD_disk_status	16	static
../Modules/SDCard/fatfs_sd.c:354:9:SD_disk_read	24	static
../Modules/SDCard/fatfs_sd.c:396:9:SD_disk_write	24	static
../Modules/SDCard/fatfs_sd.c:451:9:SD_disk_ioctl	56	static
