../Core/Src/main.c:143:6:Get_BME280_in_all_readings	88	static
../Core/Src/main.c:174:6:Get_MPU6050_all_readings	88	static
../Core/Src/main.c:218:5:main	240	static
../Core/Src/main.c:401:6:SystemClock_Config	96	static
../Core/Src/main.c:451:13:MX_I2C1_Init	8	static
../Core/Src/main.c:499:13:MX_I2C2_Init	8	static
../Core/Src/main.c:547:13:MX_RTC_Init	32	static
../Core/Src/main.c:610:13:MX_SPI1_Init	8	static
../Core/Src/main.c:650:13:MX_TIM3_Init	32	static
../Core/Src/main.c:695:13:MX_USART1_UART_Init	8	static
../Core/Src/main.c:730:13:MX_USART2_UART_Init	8	static
../Core/Src/main.c:765:13:MX_USART3_UART_Init	8	static
../Core/Src/main.c:800:13:MX_GPIO_Init	48	static
../Core/Src/main.c:845:13:MY_SDCard_SetUp	56	static
../Core/Src/main.c:876:6:HAL_TIM_PeriodElapsedCallback	16	static
../Core/Src/main.c:885:6:HAL_UART_RxCpltCallback	16	static
../Core/Src/main.c:910:6:HAL_GPIO_EXTI_Callback	16	static
../Core/Src/main.c:924:6:Error_Handler	8	static,ignoring_inline_asm
