../Core/Src/main.c:148:6:Get_BME280_in_all_readings	88	static
../Core/Src/main.c:179:6:Get_MPU6050_all_readings	88	static
../Core/Src/main.c:204:6:Get_QMC5883_all_readings	8	static
../Core/Src/main.c:223:6:ClearBuffer	24	static
../Core/Src/main.c:230:6:StartReception	8	static
../Core/Src/main.c:244:5:main	240	static
../Core/Src/main.c:408:6:SystemClock_Config	96	static
../Core/Src/main.c:458:13:MX_I2C1_Init	8	static
../Core/Src/main.c:506:13:MX_I2C2_Init	8	static
../Core/Src/main.c:554:13:MX_RTC_Init	32	static
../Core/Src/main.c:617:13:MX_SPI1_Init	8	static
../Core/Src/main.c:657:13:MX_TIM3_Init	32	static
../Core/Src/main.c:702:13:MX_USART1_UART_Init	8	static
../Core/Src/main.c:737:13:MX_USART2_UART_Init	8	static
../Core/Src/main.c:772:13:MX_USART3_UART_Init	8	static
../Core/Src/main.c:807:13:MX_GPIO_Init	48	static
../Core/Src/main.c:852:13:MY_SDCard_SetUp	56	static
../Core/Src/main.c:883:6:HAL_TIM_PeriodElapsedCallback	16	static
../Core/Src/main.c:897:7:doubleToString	24	static
../Core/Src/main.c:909:6:HAL_UART_RxCpltCallback	16	static
../Core/Src/main.c:1064:6:HAL_GPIO_EXTI_Callback	16	static
../Core/Src/main.c:1078:6:Error_Handler	8	static,ignoring_inline_asm
